****************************************
Report : timing
	-path_type full
	-delay_type min
	-max_paths 10
Design : processor
Version: D-2010.06-SP2
Date   : Tue Mar 20 05:50:04 2018
****************************************


  Startpoint: reset (input port clocked by clock)
  Endpoint: dat_path_inst/u1_reg_file/reg_blk_reg[1][0]
               (removal check against rising-edge clock clock)
  Path Group: **async_default**
  Path Type: min

  Point                                                   Incr       Path
  ------------------------------------------------------------------------------
  clock clock (rise edge)                                 0.00       0.00
  clock network delay (ideal)                             0.00       0.00
  input external delay                                    1.00       1.00 f
  reset (in)                                              0.00       1.00 f
  dat_path_inst/reset (mips_datapath)                     0.00       1.00 f
  dat_path_inst/u1_reg_file/rst (reg_file)                0.00       1.00 f
  dat_path_inst/u1_reg_file/U1318/ZN (INVX0)              0.11       1.11 r
  dat_path_inst/u1_reg_file/reg_blk_reg[1][0]/RSTB (DFFARX1)
                                                          0.00       1.11 r
  data arrival time                                                  1.11

  clock clock (rise edge)                                 0.00       0.00
  clock network delay (ideal)                             0.00       0.00
  clock uncertainty                                       0.05       0.05
  dat_path_inst/u1_reg_file/reg_blk_reg[1][0]/CLK (DFFARX1)          0.05 r
  library removal time                                    0.08       0.13
  data required time                                                 0.13
  ------------------------------------------------------------------------------
  data required time                                                 0.13
  data arrival time                                                 -1.11
  ------------------------------------------------------------------------------
  slack (MET)                                                        0.99


  Startpoint: reset (input port clocked by clock)
  Endpoint: dat_path_inst/u1_reg_file/reg_blk_reg[1][1]
               (removal check against rising-edge clock clock)
  Path Group: **async_default**
  Path Type: min

  Point                                                   Incr       Path
  ------------------------------------------------------------------------------
  clock clock (rise edge)                                 0.00       0.00
  clock network delay (ideal)                             0.00       0.00
  input external delay                                    1.00       1.00 f
  reset (in)                                              0.00       1.00 f
  dat_path_inst/reset (mips_datapath)                     0.00       1.00 f
  dat_path_inst/u1_reg_file/rst (reg_file)                0.00       1.00 f
  dat_path_inst/u1_reg_file/U1318/ZN (INVX0)              0.11       1.11 r
  dat_path_inst/u1_reg_file/reg_blk_reg[1][1]/RSTB (DFFARX1)
                                                          0.00       1.11 r
  data arrival time                                                  1.11

  clock clock (rise edge)                                 0.00       0.00
  clock network delay (ideal)                             0.00       0.00
  clock uncertainty                                       0.05       0.05
  dat_path_inst/u1_reg_file/reg_blk_reg[1][1]/CLK (DFFARX1)          0.05 r
  library removal time                                    0.08       0.13
  data required time                                                 0.13
  ------------------------------------------------------------------------------
  data required time                                                 0.13
  data arrival time                                                 -1.11
  ------------------------------------------------------------------------------
  slack (MET)                                                        0.99


  Startpoint: reset (input port clocked by clock)
  Endpoint: dat_path_inst/u1_reg_file/reg_blk_reg[1][2]
               (removal check against rising-edge clock clock)
  Path Group: **async_default**
  Path Type: min

  Point                                                   Incr       Path
  ------------------------------------------------------------------------------
  clock clock (rise edge)                                 0.00       0.00
  clock network delay (ideal)                             0.00       0.00
  input external delay                                    1.00       1.00 f
  reset (in)                                              0.00       1.00 f
  dat_path_inst/reset (mips_datapath)                     0.00       1.00 f
  dat_path_inst/u1_reg_file/rst (reg_file)                0.00       1.00 f
  dat_path_inst/u1_reg_file/U1318/ZN (INVX0)              0.11       1.11 r
  dat_path_inst/u1_reg_file/reg_blk_reg[1][2]/RSTB (DFFARX1)
                                                          0.00       1.11 r
  data arrival time                                                  1.11

  clock clock (rise edge)                                 0.00       0.00
  clock network delay (ideal)                             0.00       0.00
  clock uncertainty                                       0.05       0.05
  dat_path_inst/u1_reg_file/reg_blk_reg[1][2]/CLK (DFFARX1)          0.05 r
  library removal time                                    0.08       0.13
  data required time                                                 0.13
  ------------------------------------------------------------------------------
  data required time                                                 0.13
  data arrival time                                                 -1.11
  ------------------------------------------------------------------------------
  slack (MET)                                                        0.99


  Startpoint: reset (input port clocked by clock)
  Endpoint: dat_path_inst/u1_reg_file/reg_blk_reg[1][3]
               (removal check against rising-edge clock clock)
  Path Group: **async_default**
  Path Type: min

  Point                                                   Incr       Path
  ------------------------------------------------------------------------------
  clock clock (rise edge)                                 0.00       0.00
  clock network delay (ideal)                             0.00       0.00
  input external delay                                    1.00       1.00 f
  reset (in)                                              0.00       1.00 f
  dat_path_inst/reset (mips_datapath)                     0.00       1.00 f
  dat_path_inst/u1_reg_file/rst (reg_file)                0.00       1.00 f
  dat_path_inst/u1_reg_file/U1318/ZN (INVX0)              0.11       1.11 r
  dat_path_inst/u1_reg_file/reg_blk_reg[1][3]/RSTB (DFFARX1)
                                                          0.00       1.11 r
  data arrival time                                                  1.11

  clock clock (rise edge)                                 0.00       0.00
  clock network delay (ideal)                             0.00       0.00
  clock uncertainty                                       0.05       0.05
  dat_path_inst/u1_reg_file/reg_blk_reg[1][3]/CLK (DFFARX1)          0.05 r
  library removal time                                    0.08       0.13
  data required time                                                 0.13
  ------------------------------------------------------------------------------
  data required time                                                 0.13
  data arrival time                                                 -1.11
  ------------------------------------------------------------------------------
  slack (MET)                                                        0.99


  Startpoint: reset (input port clocked by clock)
  Endpoint: dat_path_inst/u1_reg_file/reg_blk_reg[1][4]
               (removal check against rising-edge clock clock)
  Path Group: **async_default**
  Path Type: min

  Point                                                   Incr       Path
  ------------------------------------------------------------------------------
  clock clock (rise edge)                                 0.00       0.00
  clock network delay (ideal)                             0.00       0.00
  input external delay                                    1.00       1.00 f
  reset (in)                                              0.00       1.00 f
  dat_path_inst/reset (mips_datapath)                     0.00       1.00 f
  dat_path_inst/u1_reg_file/rst (reg_file)                0.00       1.00 f
  dat_path_inst/u1_reg_file/U1318/ZN (INVX0)              0.11       1.11 r
  dat_path_inst/u1_reg_file/reg_blk_reg[1][4]/RSTB (DFFARX1)
                                                          0.00       1.11 r
  data arrival time                                                  1.11

  clock clock (rise edge)                                 0.00       0.00
  clock network delay (ideal)                             0.00       0.00
  clock uncertainty                                       0.05       0.05
  dat_path_inst/u1_reg_file/reg_blk_reg[1][4]/CLK (DFFARX1)          0.05 r
  library removal time                                    0.08       0.13
  data required time                                                 0.13
  ------------------------------------------------------------------------------
  data required time                                                 0.13
  data arrival time                                                 -1.11
  ------------------------------------------------------------------------------
  slack (MET)                                                        0.99


  Startpoint: reset (input port clocked by clock)
  Endpoint: dat_path_inst/u1_reg_file/reg_blk_reg[1][5]
               (removal check against rising-edge clock clock)
  Path Group: **async_default**
  Path Type: min

  Point                                                   Incr       Path
  ------------------------------------------------------------------------------
  clock clock (rise edge)                                 0.00       0.00
  clock network delay (ideal)                             0.00       0.00
  input external delay                                    1.00       1.00 f
  reset (in)                                              0.00       1.00 f
  dat_path_inst/reset (mips_datapath)                     0.00       1.00 f
  dat_path_inst/u1_reg_file/rst (reg_file)                0.00       1.00 f
  dat_path_inst/u1_reg_file/U1318/ZN (INVX0)              0.11       1.11 r
  dat_path_inst/u1_reg_file/reg_blk_reg[1][5]/RSTB (DFFARX1)
                                                          0.00       1.11 r
  data arrival time                                                  1.11

  clock clock (rise edge)                                 0.00       0.00
  clock network delay (ideal)                             0.00       0.00
  clock uncertainty                                       0.05       0.05
  dat_path_inst/u1_reg_file/reg_blk_reg[1][5]/CLK (DFFARX1)          0.05 r
  library removal time                                    0.08       0.13
  data required time                                                 0.13
  ------------------------------------------------------------------------------
  data required time                                                 0.13
  data arrival time                                                 -1.11
  ------------------------------------------------------------------------------
  slack (MET)                                                        0.99


  Startpoint: reset (input port clocked by clock)
  Endpoint: dat_path_inst/u1_reg_file/reg_blk_reg[1][6]
               (removal check against rising-edge clock clock)
  Path Group: **async_default**
  Path Type: min

  Point                                                   Incr       Path
  ------------------------------------------------------------------------------
  clock clock (rise edge)                                 0.00       0.00
  clock network delay (ideal)                             0.00       0.00
  input external delay                                    1.00       1.00 f
  reset (in)                                              0.00       1.00 f
  dat_path_inst/reset (mips_datapath)                     0.00       1.00 f
  dat_path_inst/u1_reg_file/rst (reg_file)                0.00       1.00 f
  dat_path_inst/u1_reg_file/U1318/ZN (INVX0)              0.11       1.11 r
  dat_path_inst/u1_reg_file/reg_blk_reg[1][6]/RSTB (DFFARX1)
                                                          0.00       1.11 r
  data arrival time                                                  1.11

  clock clock (rise edge)                                 0.00       0.00
  clock network delay (ideal)                             0.00       0.00
  clock uncertainty                                       0.05       0.05
  dat_path_inst/u1_reg_file/reg_blk_reg[1][6]/CLK (DFFARX1)          0.05 r
  library removal time                                    0.08       0.13
  data required time                                                 0.13
  ------------------------------------------------------------------------------
  data required time                                                 0.13
  data arrival time                                                 -1.11
  ------------------------------------------------------------------------------
  slack (MET)                                                        0.99


  Startpoint: reset (input port clocked by clock)
  Endpoint: dat_path_inst/u1_reg_file/reg_blk_reg[1][7]
               (removal check against rising-edge clock clock)
  Path Group: **async_default**
  Path Type: min

  Point                                                   Incr       Path
  ------------------------------------------------------------------------------
  clock clock (rise edge)                                 0.00       0.00
  clock network delay (ideal)                             0.00       0.00
  input external delay                                    1.00       1.00 f
  reset (in)                                              0.00       1.00 f
  dat_path_inst/reset (mips_datapath)                     0.00       1.00 f
  dat_path_inst/u1_reg_file/rst (reg_file)                0.00       1.00 f
  dat_path_inst/u1_reg_file/U1318/ZN (INVX0)              0.11       1.11 r
  dat_path_inst/u1_reg_file/reg_blk_reg[1][7]/RSTB (DFFARX1)
                                                          0.00       1.11 r
  data arrival time                                                  1.11

  clock clock (rise edge)                                 0.00       0.00
  clock network delay (ideal)                             0.00       0.00
  clock uncertainty                                       0.05       0.05
  dat_path_inst/u1_reg_file/reg_blk_reg[1][7]/CLK (DFFARX1)          0.05 r
  library removal time                                    0.08       0.13
  data required time                                                 0.13
  ------------------------------------------------------------------------------
  data required time                                                 0.13
  data arrival time                                                 -1.11
  ------------------------------------------------------------------------------
  slack (MET)                                                        0.99


  Startpoint: reset (input port clocked by clock)
  Endpoint: dat_path_inst/u1_reg_file/reg_blk_reg[1][8]
               (removal check against rising-edge clock clock)
  Path Group: **async_default**
  Path Type: min

  Point                                                   Incr       Path
  ------------------------------------------------------------------------------
  clock clock (rise edge)                                 0.00       0.00
  clock network delay (ideal)                             0.00       0.00
  input external delay                                    1.00       1.00 f
  reset (in)                                              0.00       1.00 f
  dat_path_inst/reset (mips_datapath)                     0.00       1.00 f
  dat_path_inst/u1_reg_file/rst (reg_file)                0.00       1.00 f
  dat_path_inst/u1_reg_file/U1318/ZN (INVX0)              0.11       1.11 r
  dat_path_inst/u1_reg_file/reg_blk_reg[1][8]/RSTB (DFFARX1)
                                                          0.00       1.11 r
  data arrival time                                                  1.11

  clock clock (rise edge)                                 0.00       0.00
  clock network delay (ideal)                             0.00       0.00
  clock uncertainty                                       0.05       0.05
  dat_path_inst/u1_reg_file/reg_blk_reg[1][8]/CLK (DFFARX1)          0.05 r
  library removal time                                    0.08       0.13
  data required time                                                 0.13
  ------------------------------------------------------------------------------
  data required time                                                 0.13
  data arrival time                                                 -1.11
  ------------------------------------------------------------------------------
  slack (MET)                                                        0.99


  Startpoint: reset (input port clocked by clock)
  Endpoint: dat_path_inst/u1_reg_file/reg_blk_reg[1][9]
               (removal check against rising-edge clock clock)
  Path Group: **async_default**
  Path Type: min

  Point                                                   Incr       Path
  ------------------------------------------------------------------------------
  clock clock (rise edge)                                 0.00       0.00
  clock network delay (ideal)                             0.00       0.00
  input external delay                                    1.00       1.00 f
  reset (in)                                              0.00       1.00 f
  dat_path_inst/reset (mips_datapath)                     0.00       1.00 f
  dat_path_inst/u1_reg_file/rst (reg_file)                0.00       1.00 f
  dat_path_inst/u1_reg_file/U1318/ZN (INVX0)              0.11       1.11 r
  dat_path_inst/u1_reg_file/reg_blk_reg[1][9]/RSTB (DFFARX1)
                                                          0.00       1.11 r
  data arrival time                                                  1.11

  clock clock (rise edge)                                 0.00       0.00
  clock network delay (ideal)                             0.00       0.00
  clock uncertainty                                       0.05       0.05
  dat_path_inst/u1_reg_file/reg_blk_reg[1][9]/CLK (DFFARX1)          0.05 r
  library removal time                                    0.08       0.13
  data required time                                                 0.13
  ------------------------------------------------------------------------------
  data required time                                                 0.13
  data arrival time                                                 -1.11
  ------------------------------------------------------------------------------
  slack (MET)                                                        0.99


  Startpoint: dat_path_inst/pc_reg[0]
               (rising edge-triggered flip-flop clocked by clock)
  Endpoint: dat_path_inst/pc_reg[0]
               (rising edge-triggered flip-flop clocked by clock)
  Path Group: clock
  Path Type: min

  Point                                                   Incr       Path
  ------------------------------------------------------------------------------
  clock clock (rise edge)                                 0.00       0.00
  clock network delay (ideal)                             0.00       0.00
  dat_path_inst/pc_reg[0]/CLK (DFFARX1)                   0.00       0.00 r
  dat_path_inst/pc_reg[0]/Q (DFFARX1)                     0.11       0.11 f
  dat_path_inst/add_130/A[0] (mips_datapath_DW01_add_1)
                                                          0.00       0.11 f
  dat_path_inst/add_130/SUM[0] (mips_datapath_DW01_add_1)
                                                          0.00       0.11 f
  dat_path_inst/add_132/A[0] (mips_datapath_DW01_add_0)
                                                          0.00       0.11 f
  dat_path_inst/add_132/SUM[0] (mips_datapath_DW01_add_0)
                                                          0.00       0.11 f
  dat_path_inst/U117/Q (AO222X1)                          0.03       0.15 f
  dat_path_inst/pc_reg[0]/D (DFFARX1)                     0.00       0.15 f
  data arrival time                                                  0.15

  clock clock (rise edge)                                 0.00       0.00
  clock network delay (ideal)                             0.00       0.00
  clock uncertainty                                       0.05       0.05
  dat_path_inst/pc_reg[0]/CLK (DFFARX1)                              0.05 r
  library hold time                                       0.00       0.05
  data required time                                                 0.05
  ------------------------------------------------------------------------------
  data required time                                                 0.05
  data arrival time                                                 -0.15
  ------------------------------------------------------------------------------
  slack (MET)                                                        0.10


  Startpoint: dat_path_inst/pc_reg[1]
               (rising edge-triggered flip-flop clocked by clock)
  Endpoint: dat_path_inst/pc_reg[1]
               (rising edge-triggered flip-flop clocked by clock)
  Path Group: clock
  Path Type: min

  Point                                                   Incr       Path
  ------------------------------------------------------------------------------
  clock clock (rise edge)                                 0.00       0.00
  clock network delay (ideal)                             0.00       0.00
  dat_path_inst/pc_reg[1]/CLK (DFFARX1)                   0.00       0.00 r
  dat_path_inst/pc_reg[1]/Q (DFFARX1)                     0.11       0.11 f
  dat_path_inst/add_130/A[1] (mips_datapath_DW01_add_1)
                                                          0.00       0.11 f
  dat_path_inst/add_130/SUM[1] (mips_datapath_DW01_add_1)
                                                          0.00       0.11 f
  dat_path_inst/add_132/A[1] (mips_datapath_DW01_add_0)
                                                          0.00       0.11 f
  dat_path_inst/add_132/SUM[1] (mips_datapath_DW01_add_0)
                                                          0.00       0.11 f
  dat_path_inst/U95/Q (AO222X1)                           0.03       0.15 f
  dat_path_inst/pc_reg[1]/D (DFFARX1)                     0.00       0.15 f
  data arrival time                                                  0.15

  clock clock (rise edge)                                 0.00       0.00
  clock network delay (ideal)                             0.00       0.00
  clock uncertainty                                       0.05       0.05
  dat_path_inst/pc_reg[1]/CLK (DFFARX1)                              0.05 r
  library hold time                                       0.00       0.05
  data required time                                                 0.05
  ------------------------------------------------------------------------------
  data required time                                                 0.05
  data arrival time                                                 -0.15
  ------------------------------------------------------------------------------
  slack (MET)                                                        0.10


  Startpoint: dat_path_inst/u1_reg_file/reg_blk_reg[1][0]
               (rising edge-triggered flip-flop clocked by clock)
  Endpoint: dat_path_inst/u1_reg_file/reg_blk_reg[1][0]
               (rising edge-triggered flip-flop clocked by clock)
  Path Group: clock
  Path Type: min

  Point                                                   Incr       Path
  ------------------------------------------------------------------------------
  clock clock (rise edge)                                 0.00       0.00
  clock network delay (ideal)                             0.00       0.00
  dat_path_inst/u1_reg_file/reg_blk_reg[1][0]/CLK (DFFARX1)
                                                          0.00       0.00 r
  dat_path_inst/u1_reg_file/reg_blk_reg[1][0]/Q (DFFARX1)
                                                          0.12       0.12 f
  dat_path_inst/u1_reg_file/U1040/Q (AO22X1)              0.04       0.15 f
  dat_path_inst/u1_reg_file/reg_blk_reg[1][0]/D (DFFARX1)
                                                          0.00       0.15 f
  data arrival time                                                  0.15

  clock clock (rise edge)                                 0.00       0.00
  clock network delay (ideal)                             0.00       0.00
  clock uncertainty                                       0.05       0.05
  dat_path_inst/u1_reg_file/reg_blk_reg[1][0]/CLK (DFFARX1)          0.05 r
  library hold time                                       0.00       0.05
  data required time                                                 0.05
  ------------------------------------------------------------------------------
  data required time                                                 0.05
  data arrival time                                                 -0.15
  ------------------------------------------------------------------------------
  slack (MET)                                                        0.10


  Startpoint: dat_path_inst/u1_reg_file/reg_blk_reg[1][1]
               (rising edge-triggered flip-flop clocked by clock)
  Endpoint: dat_path_inst/u1_reg_file/reg_blk_reg[1][1]
               (rising edge-triggered flip-flop clocked by clock)
  Path Group: clock
  Path Type: min

  Point                                                   Incr       Path
  ------------------------------------------------------------------------------
  clock clock (rise edge)                                 0.00       0.00
  clock network delay (ideal)                             0.00       0.00
  dat_path_inst/u1_reg_file/reg_blk_reg[1][1]/CLK (DFFARX1)
                                                          0.00       0.00 r
  dat_path_inst/u1_reg_file/reg_blk_reg[1][1]/Q (DFFARX1)
                                                          0.12       0.12 f
  dat_path_inst/u1_reg_file/U1041/Q (AO22X1)              0.04       0.15 f
  dat_path_inst/u1_reg_file/reg_blk_reg[1][1]/D (DFFARX1)
                                                          0.00       0.15 f
  data arrival time                                                  0.15

  clock clock (rise edge)                                 0.00       0.00
  clock network delay (ideal)                             0.00       0.00
  clock uncertainty                                       0.05       0.05
  dat_path_inst/u1_reg_file/reg_blk_reg[1][1]/CLK (DFFARX1)          0.05 r
  library hold time                                       0.00       0.05
  data required time                                                 0.05
  ------------------------------------------------------------------------------
  data required time                                                 0.05
  data arrival time                                                 -0.15
  ------------------------------------------------------------------------------
  slack (MET)                                                        0.10


  Startpoint: dat_path_inst/u1_reg_file/reg_blk_reg[1][2]
               (rising edge-triggered flip-flop clocked by clock)
  Endpoint: dat_path_inst/u1_reg_file/reg_blk_reg[1][2]
               (rising edge-triggered flip-flop clocked by clock)
  Path Group: clock
  Path Type: min

  Point                                                   Incr       Path
  ------------------------------------------------------------------------------
  clock clock (rise edge)                                 0.00       0.00
  clock network delay (ideal)                             0.00       0.00
  dat_path_inst/u1_reg_file/reg_blk_reg[1][2]/CLK (DFFARX1)
                                                          0.00       0.00 r
  dat_path_inst/u1_reg_file/reg_blk_reg[1][2]/Q (DFFARX1)
                                                          0.12       0.12 f
  dat_path_inst/u1_reg_file/U1042/Q (AO22X1)              0.04       0.15 f
  dat_path_inst/u1_reg_file/reg_blk_reg[1][2]/D (DFFARX1)
                                                          0.00       0.15 f
  data arrival time                                                  0.15

  clock clock (rise edge)                                 0.00       0.00
  clock network delay (ideal)                             0.00       0.00
  clock uncertainty                                       0.05       0.05
  dat_path_inst/u1_reg_file/reg_blk_reg[1][2]/CLK (DFFARX1)          0.05 r
  library hold time                                       0.00       0.05
  data required time                                                 0.05
  ------------------------------------------------------------------------------
  data required time                                                 0.05
  data arrival time                                                 -0.15
  ------------------------------------------------------------------------------
  slack (MET)                                                        0.10


  Startpoint: dat_path_inst/u1_reg_file/reg_blk_reg[1][3]
               (rising edge-triggered flip-flop clocked by clock)
  Endpoint: dat_path_inst/u1_reg_file/reg_blk_reg[1][3]
               (rising edge-triggered flip-flop clocked by clock)
  Path Group: clock
  Path Type: min

  Point                                                   Incr       Path
  ------------------------------------------------------------------------------
  clock clock (rise edge)                                 0.00       0.00
  clock network delay (ideal)                             0.00       0.00
  dat_path_inst/u1_reg_file/reg_blk_reg[1][3]/CLK (DFFARX1)
                                                          0.00       0.00 r
  dat_path_inst/u1_reg_file/reg_blk_reg[1][3]/Q (DFFARX1)
                                                          0.12       0.12 f
  dat_path_inst/u1_reg_file/U1043/Q (AO22X1)              0.04       0.15 f
  dat_path_inst/u1_reg_file/reg_blk_reg[1][3]/D (DFFARX1)
                                                          0.00       0.15 f
  data arrival time                                                  0.15

  clock clock (rise edge)                                 0.00       0.00
  clock network delay (ideal)                             0.00       0.00
  clock uncertainty                                       0.05       0.05
  dat_path_inst/u1_reg_file/reg_blk_reg[1][3]/CLK (DFFARX1)          0.05 r
  library hold time                                       0.00       0.05
  data required time                                                 0.05
  ------------------------------------------------------------------------------
  data required time                                                 0.05
  data arrival time                                                 -0.15
  ------------------------------------------------------------------------------
  slack (MET)                                                        0.10


  Startpoint: dat_path_inst/u1_reg_file/reg_blk_reg[1][4]
               (rising edge-triggered flip-flop clocked by clock)
  Endpoint: dat_path_inst/u1_reg_file/reg_blk_reg[1][4]
               (rising edge-triggered flip-flop clocked by clock)
  Path Group: clock
  Path Type: min

  Point                                                   Incr       Path
  ------------------------------------------------------------------------------
  clock clock (rise edge)                                 0.00       0.00
  clock network delay (ideal)                             0.00       0.00
  dat_path_inst/u1_reg_file/reg_blk_reg[1][4]/CLK (DFFARX1)
                                                          0.00       0.00 r
  dat_path_inst/u1_reg_file/reg_blk_reg[1][4]/Q (DFFARX1)
                                                          0.12       0.12 f
  dat_path_inst/u1_reg_file/U1044/Q (AO22X1)              0.04       0.15 f
  dat_path_inst/u1_reg_file/reg_blk_reg[1][4]/D (DFFARX1)
                                                          0.00       0.15 f
  data arrival time                                                  0.15

  clock clock (rise edge)                                 0.00       0.00
  clock network delay (ideal)                             0.00       0.00
  clock uncertainty                                       0.05       0.05
  dat_path_inst/u1_reg_file/reg_blk_reg[1][4]/CLK (DFFARX1)          0.05 r
  library hold time                                       0.00       0.05
  data required time                                                 0.05
  ------------------------------------------------------------------------------
  data required time                                                 0.05
  data arrival time                                                 -0.15
  ------------------------------------------------------------------------------
  slack (MET)                                                        0.10


  Startpoint: dat_path_inst/u1_reg_file/reg_blk_reg[1][5]
               (rising edge-triggered flip-flop clocked by clock)
  Endpoint: dat_path_inst/u1_reg_file/reg_blk_reg[1][5]
               (rising edge-triggered flip-flop clocked by clock)
  Path Group: clock
  Path Type: min

  Point                                                   Incr       Path
  ------------------------------------------------------------------------------
  clock clock (rise edge)                                 0.00       0.00
  clock network delay (ideal)                             0.00       0.00
  dat_path_inst/u1_reg_file/reg_blk_reg[1][5]/CLK (DFFARX1)
                                                          0.00       0.00 r
  dat_path_inst/u1_reg_file/reg_blk_reg[1][5]/Q (DFFARX1)
                                                          0.12       0.12 f
  dat_path_inst/u1_reg_file/U1045/Q (AO22X1)              0.04       0.15 f
  dat_path_inst/u1_reg_file/reg_blk_reg[1][5]/D (DFFARX1)
                                                          0.00       0.15 f
  data arrival time                                                  0.15

  clock clock (rise edge)                                 0.00       0.00
  clock network delay (ideal)                             0.00       0.00
  clock uncertainty                                       0.05       0.05
  dat_path_inst/u1_reg_file/reg_blk_reg[1][5]/CLK (DFFARX1)          0.05 r
  library hold time                                       0.00       0.05
  data required time                                                 0.05
  ------------------------------------------------------------------------------
  data required time                                                 0.05
  data arrival time                                                 -0.15
  ------------------------------------------------------------------------------
  slack (MET)                                                        0.10


  Startpoint: dat_path_inst/u1_reg_file/reg_blk_reg[1][6]
               (rising edge-triggered flip-flop clocked by clock)
  Endpoint: dat_path_inst/u1_reg_file/reg_blk_reg[1][6]
               (rising edge-triggered flip-flop clocked by clock)
  Path Group: clock
  Path Type: min

  Point                                                   Incr       Path
  ------------------------------------------------------------------------------
  clock clock (rise edge)                                 0.00       0.00
  clock network delay (ideal)                             0.00       0.00
  dat_path_inst/u1_reg_file/reg_blk_reg[1][6]/CLK (DFFARX1)
                                                          0.00       0.00 r
  dat_path_inst/u1_reg_file/reg_blk_reg[1][6]/Q (DFFARX1)
                                                          0.12       0.12 f
  dat_path_inst/u1_reg_file/U1046/Q (AO22X1)              0.04       0.15 f
  dat_path_inst/u1_reg_file/reg_blk_reg[1][6]/D (DFFARX1)
                                                          0.00       0.15 f
  data arrival time                                                  0.15

  clock clock (rise edge)                                 0.00       0.00
  clock network delay (ideal)                             0.00       0.00
  clock uncertainty                                       0.05       0.05
  dat_path_inst/u1_reg_file/reg_blk_reg[1][6]/CLK (DFFARX1)          0.05 r
  library hold time                                       0.00       0.05
  data required time                                                 0.05
  ------------------------------------------------------------------------------
  data required time                                                 0.05
  data arrival time                                                 -0.15
  ------------------------------------------------------------------------------
  slack (MET)                                                        0.10


  Startpoint: dat_path_inst/u1_reg_file/reg_blk_reg[1][7]
               (rising edge-triggered flip-flop clocked by clock)
  Endpoint: dat_path_inst/u1_reg_file/reg_blk_reg[1][7]
               (rising edge-triggered flip-flop clocked by clock)
  Path Group: clock
  Path Type: min

  Point                                                   Incr       Path
  ------------------------------------------------------------------------------
  clock clock (rise edge)                                 0.00       0.00
  clock network delay (ideal)                             0.00       0.00
  dat_path_inst/u1_reg_file/reg_blk_reg[1][7]/CLK (DFFARX1)
                                                          0.00       0.00 r
  dat_path_inst/u1_reg_file/reg_blk_reg[1][7]/Q (DFFARX1)
                                                          0.12       0.12 f
  dat_path_inst/u1_reg_file/U1047/Q (AO22X1)              0.04       0.15 f
  dat_path_inst/u1_reg_file/reg_blk_reg[1][7]/D (DFFARX1)
                                                          0.00       0.15 f
  data arrival time                                                  0.15

  clock clock (rise edge)                                 0.00       0.00
  clock network delay (ideal)                             0.00       0.00
  clock uncertainty                                       0.05       0.05
  dat_path_inst/u1_reg_file/reg_blk_reg[1][7]/CLK (DFFARX1)          0.05 r
  library hold time                                       0.00       0.05
  data required time                                                 0.05
  ------------------------------------------------------------------------------
  data required time                                                 0.05
  data arrival time                                                 -0.15
  ------------------------------------------------------------------------------
  slack (MET)                                                        0.10


1
