 
****************************************
Report : qor
Design : processor
Version: D-2010.03-ICC-SP4
Date   : Wed Mar 28 04:46:54 2018
****************************************


  Timing Path Group 'clock'
  -----------------------------------
  Levels of Logic:              40.00
  Critical Path Length:          2.82
  Critical Path Slack:           4.98
  Critical Path Clk Period:     10.00
  Total Negative Slack:          0.00
  No. of Violating Paths:        0.00
  Worst Hold Violation:          0.00
  Total Hold Violation:          0.00
  No. of Hold Violations:        0.00
  -----------------------------------


  Cell Count
  -----------------------------------
  Hierarchical Cell Count:         12
  Hierarchical Port Count:       1052
  Leaf Cell Count:               3935
  Buf/Inv Cell Count:             251
  CT Buf/Inv Cell Count:            8
  -----------------------------------


  Area
  -----------------------------------
  Combinational Area:    40687.718652
  Noncombinational Area: 34062.336548
  Net Area:              13101.513556
  Net XLength        :      134584.34
  Net YLength        :      128898.62
  -----------------------------------
  Cell Area:             74750.055200
  Design Area:           87851.568756
  Net Length        :       263482.97


  Design Rules
  -----------------------------------
  Total Number of Nets:          4096
  Nets With Violations:             0
  -----------------------------------


  Hostname: virtualpc

  Compile CPU Statistics
  -----------------------------------
  Resource Sharing:              0.00
  Logic Optimization:            0.00
  Mapping Optimization:          0.71
  -----------------------------------
  Overall Compile Time:          0.75

1
